// Jest Snapshot v1, https://goo.gl/fbAQLP

exports[`renders correctly 1`] = `
<View
  style={
    Object {
      "alignItems": "center",
      "backgroundColor": "#fff",
      "flex": 1,
      "justifyContent": "center",
    }
  }
>
  <RCTScrollView
    style={
      Array [
        undefined,
      ]
    }
  >
    <View>
      <View
        style={
          Array [
            Object {
              "alignItems": "center",
              "backgroundColor": "#fff",
              "flex": 1,
              "justifyContent": "center",
            },
            Object {
              "backgroundColor": "transparent",
              "marginTop": 40,
            },
          ]
        }
      >
        <Text
          style={
            Object {
              "fontSize": 28,
              "fontWeight": "bold",
              "margin": 30,
              "padding": 15,
            }
          }
        >
          Profil erstellen
        </Text>
      </View>
      <View
        style={
          Array [
            Object {
              "alignItems": "center",
              "backgroundColor": "#fff",
              "flex": 1,
              "justifyContent": "center",
            },
            Object {
              "backgroundColor": "transparent",
            },
          ]
        }
      >
        <View
          accessible={true}
          focusable={true}
          onClick={[Function]}
          onResponderGrant={[Function]}
          onResponderMove={[Function]}
          onResponderRelease={[Function]}
          onResponderTerminate={[Function]}
          onResponderTerminationRequest={[Function]}
          onStartShouldSetResponder={[Function]}
          style={
            Object {
              "alignItems": "center",
              "backgroundColor": "#4267B2",
              "borderRadius": 38,
              "elevation": 3,
              "height": 55,
              "justifyContent": "center",
              "margin": 9,
              "opacity": 1,
              "padding": 18,
              "width": 328,
            }
          }
        >
          <View
            style={
              Object {
                "alignItems": "center",
                "flexDirection": "row",
              }
            }
          >
            <View
              style={
                Object {
                  "height": 32,
                  "left": 18,
                  "position": "absolute",
                  "top": 0,
                  "width": 32,
                }
              }
            >
              <Image
                source={1}
              />
            </View>
            <Text
              style={
                Object {
                  "color": "#F2F2F2",
                  "fontSize": 14,
                  "height": "100%",
                  "textAlign": "center",
                  "width": "100%",
                }
              }
            >
              MIT FACEBOOK ANMELDEN
            </Text>
          </View>
        </View>
        <View
          accessible={true}
          focusable={true}
          onClick={[Function]}
          onResponderGrant={[Function]}
          onResponderMove={[Function]}
          onResponderRelease={[Function]}
          onResponderTerminate={[Function]}
          onResponderTerminationRequest={[Function]}
          onStartShouldSetResponder={[Function]}
          style={
            Object {
              "alignItems": "center",
              "backgroundColor": "#ffffff",
              "borderRadius": 38,
              "elevation": 3,
              "height": 55,
              "justifyContent": "center",
              "margin": 9,
              "opacity": 1,
              "padding": 18,
              "width": 328,
            }
          }
        >
          <View
            style={
              Object {
                "alignItems": "center",
                "flexDirection": "row",
              }
            }
          >
            <View
              style={
                Object {
                  "height": 32,
                  "left": 18,
                  "position": "absolute",
                  "top": 0,
                  "width": 32,
                }
              }
            >
              <Image
                source={1}
              />
            </View>
            <Text
              style={
                Array [
                  Object {
                    "color": "#F2F2F2",
                    "fontSize": 14,
                    "height": "100%",
                    "textAlign": "center",
                    "width": "100%",
                  },
                  Object {
                    "color": "#000000",
                  },
                ]
              }
            >
              MIT GOOGLE ANMELDEN
            </Text>
          </View>
        </View>
      </View>
      <View
        style={
          Array [
            Object {
              "alignItems": "center",
              "backgroundColor": "#fff",
              "flex": 1,
              "justifyContent": "center",
            },
            Object {
              "backgroundColor": "transparent",
              "margin": 10,
            },
          ]
        }
      >
        <Text
          style={
            Object {
              "fontSize": 14,
            }
          }
        >
          ODER MIT EMAIL ANMELDEN
        </Text>
      </View>
      <View
        style={
          Array [
            Object {
              "alignItems": "center",
              "backgroundColor": "#fff",
              "flex": 1,
              "justifyContent": "center",
            },
            Object {
              "backgroundColor": "transparent",
            },
          ]
        }
      >
        <Modal
          animationType="slide"
          hardwareAccelerated={false}
          onRequestClose={[Function]}
          transparent={true}
          visible={false}
        >
          <View
            style={
              Object {
                "alignItems": "center",
                "backgroundColor": "#00000090",
                "flex": 1,
                "flexDirection": "column",
                "justifyContent": "center",
              }
            }
          >
            <View
              style={
                Object {
                  "alignItems": "center",
                  "backgroundColor": "#fff",
                  "borderRadius": 15,
                  "elevation": 3,
                  "height": 184,
                  "justifyContent": "space-between",
                  "padding": 18,
                  "width": 288,
                }
              }
            >
              <Text
                style={
                  Object {
                    "fontSize": 18,
                    "fontWeight": "300",
                  }
                }
              >
                
              </Text>
              <Text
                style={
                  Object {
                    "fontSize": 14,
                  }
                }
              >
                
              </Text>
              <View
                accessible={true}
                focusable={true}
                onClick={[Function]}
                onResponderGrant={[Function]}
                onResponderMove={[Function]}
                onResponderRelease={[Function]}
                onResponderTerminate={[Function]}
                onResponderTerminationRequest={[Function]}
                onStartShouldSetResponder={[Function]}
                style={
                  Object {
                    "alignItems": "center",
                    "backgroundColor": "#F28D35",
                    "borderRadius": 38,
                    "elevation": 3,
                    "height": 55,
                    "justifyContent": "center",
                    "margin": 9,
                    "opacity": 1,
                    "padding": 18,
                    "width": 128,
                  }
                }
              >
                <View
                  style={
                    Object {
                      "alignItems": "center",
                      "flexDirection": "row",
                    }
                  }
                >
                  <Text
                    style={
                      Object {
                        "color": "#F2F2F2",
                        "fontSize": 14,
                        "height": "100%",
                        "textAlign": "center",
                        "width": "100%",
                      }
                    }
                  >
                    Ok
                  </Text>
                </View>
              </View>
            </View>
          </View>
        </Modal>
        <TextInput
          allowFontScaling={true}
          onChangeText={[Function]}
          placeholder="Vorname"
          rejectResponderTermination={true}
          style={
            Object {
              "backgroundColor": "#F2F2F2",
              "borderRadius": 15,
              "color": "#333333",
              "height": 55,
              "margin": 9,
              "paddingLeft": 12,
              "width": 328,
            }
          }
          underlineColorAndroid="transparent"
          value=""
        />
        <TextInput
          allowFontScaling={true}
          onChangeText={[Function]}
          placeholder="Name"
          rejectResponderTermination={true}
          style={
            Object {
              "backgroundColor": "#F2F2F2",
              "borderRadius": 15,
              "color": "#333333",
              "height": 55,
              "margin": 9,
              "paddingLeft": 12,
              "width": 328,
            }
          }
          underlineColorAndroid="transparent"
          value=""
        />
        <TextInput
          allowFontScaling={true}
          onChangeText={[Function]}
          placeholder="Email"
          rejectResponderTermination={true}
          style={
            Object {
              "backgroundColor": "#F2F2F2",
              "borderRadius": 15,
              "color": "#333333",
              "height": 55,
              "margin": 9,
              "paddingLeft": 12,
              "width": 328,
            }
          }
          underlineColorAndroid="transparent"
          value=""
        />
        <TextInput
          allowFontScaling={true}
          onChangeText={[Function]}
          placeholder="Passwort"
          rejectResponderTermination={true}
          secureTextEntry={true}
          style={
            Object {
              "backgroundColor": "#F2F2F2",
              "borderRadius": 15,
              "color": "#333333",
              "height": 55,
              "margin": 9,
              "paddingLeft": 12,
              "width": 328,
            }
          }
          underlineColorAndroid="transparent"
          value=""
        />
        <View
          style={
            Object {
              "alignItems": "center",
              "flexDirection": "row",
              "justifyContent": "center",
              "marginBottom": 20,
            }
          }
        >
          <Text
            onPress={[Function]}
            style={
              Object {
                "margin": 8,
              }
            }
          >
            Datenschutzrichtlinien gelesen
          </Text>
          <View
            accessibilityRole="checkbox"
            accessibilityState={
              Object {
                "checked": false,
              }
            }
            accessible={true}
            focusable={true}
            onClick={[Function]}
            onResponderGrant={[Function]}
            onResponderMove={[Function]}
            onResponderRelease={[Function]}
            onResponderTerminate={[Function]}
            onResponderTerminationRequest={[Function]}
            onStartShouldSetResponder={[Function]}
            style={
              Object {
                "margin": 5,
                "marginLeft": 10,
                "marginRight": 10,
                "opacity": 1,
                "padding": 10,
              }
            }
            testID="checkbox"
          >
            <View
              style={
                Object {
                  "alignItems": "center",
                  "flexDirection": "row",
                }
              }
            >
              <Text />
            </View>
          </View>
        </View>
        <View
          accessible={true}
          focusable={true}
          onClick={[Function]}
          onResponderGrant={[Function]}
          onResponderMove={[Function]}
          onResponderRelease={[Function]}
          onResponderTerminate={[Function]}
          onResponderTerminationRequest={[Function]}
          onStartShouldSetResponder={[Function]}
          style={
            Object {
              "alignItems": "center",
              "backgroundColor": "#F28D35",
              "borderRadius": 38,
              "elevation": 3,
              "height": 55,
              "justifyContent": "center",
              "margin": 9,
              "opacity": 1,
              "padding": 18,
              "width": 328,
            }
          }
        >
          <View
            style={
              Object {
                "alignItems": "center",
                "flexDirection": "row",
              }
            }
          >
            <Text
              style={
                Object {
                  "color": "#F2F2F2",
                  "fontSize": 14,
                  "height": "100%",
                  "textAlign": "center",
                  "width": "100%",
                }
              }
            >
              Los geht's!
            </Text>
          </View>
        </View>
      </View>
      <View
        style={
          Object {
            "alignItems": "center",
            "flex": 0.4,
            "justifyContent": "space-between",
            "marginBottom": 65,
          }
        }
      >
        <Text
          style={
            Object {
              "color": "#A1A4B2",
            }
          }
        >
          BEREITS REGISTRIERT? 
          <Text
            onPress={[Function]}
            style={
              Object {
                "color": undefined,
                "textDecorationLine": "underline",
              }
            }
          >
            HIER GEHTS ZUM LOGIN
          </Text>
        </Text>
      </View>
    </View>
  </RCTScrollView>
  <View
    accessibilityIgnoresInvertColors={true}
    style={
      Array [
        Object {
          "bottom": 0,
          "left": 0,
          "position": "absolute",
          "right": 0,
          "top": 0,
        },
        Object {
          "height": 1384,
          "width": 750,
        },
        Object {
          "zIndex": -1,
        },
      ]
    }
  >
    <Image
      source={1}
      style={
        Array [
          Object {
            "bottom": 0,
            "left": 0,
            "position": "absolute",
            "right": 0,
            "top": 0,
          },
          Object {
            "height": undefined,
            "width": undefined,
          },
          undefined,
        ]
      }
    />
  </View>
</View>
`;
